**** Vectorize selected computation: 2 groups, 8 scalar instructions, 2 vector instructions, cost = -6 (Test_int32_unboxed_vectorized.copy_array_four_v2)
**** Vectorize selected computation: 2 groups, 8 scalar instructions, 2 vector instructions, cost = -6 (Test_int32_unboxed_vectorized.copy_array_index_from_start)
**** Vectorize selected computation: 2 groups, 8 scalar instructions, 2 vector instructions, cost = -6 (Test_int32_unboxed_vectorized.copy_array_from_start)
**** Vectorize selected computation: 5 groups, 20 scalar instructions, 5 vector instructions, cost = -15 (Test_int32_unboxed_vectorized.add_array_from_start)
